

Thu Jan 17 13:29:00 2019
Command line: TestDisk

TestDisk 7.0, Data Recovery Utility, April 2015
Christophe GRENIER <grenier@cgsecurity.org>
http://www.cgsecurity.org
OS: Linux, kernel 4.15.0-43-generic (#46-Ubuntu SMP Thu Dec 6 14:45:28 UTC 2018) x86_64
Compiler: GCC 7.2
ext2fs lib: 1.44.1, ntfs lib: libntfs-3g, reiserfs lib: none, ewf lib: none, curses lib: ncurses 6.0
User is not root!
Hard disk list


TestDisk exited normally.


Thu Jan 17 13:29:02 2019
Command line: TestDisk

TestDisk 7.0, Data Recovery Utility, April 2015
Christophe GRENIER <grenier@cgsecurity.org>
http://www.cgsecurity.org
OS: Linux, kernel 4.15.0-43-generic (#46-Ubuntu SMP Thu Dec 6 14:45:28 UTC 2018) x86_64
Compiler: GCC 7.2
ext2fs lib: 1.44.1, ntfs lib: libntfs-3g, reiserfs lib: none, ewf lib: none, curses lib: ncurses 6.0
/dev/sda: LBA, HPA, LBA48 support
/dev/sda: size       7814037168 sectors
/dev/sda: user_max   7814037168 sectors
/dev/sda: native_max 7814037168 sectors
/dev/sdb: LBA, HPA, LBA48, DCO support
/dev/sdb: size       976773168 sectors
/dev/sdb: user_max   976773168 sectors
/dev/sdb: native_max 976773168 sectors
Warning: can't get size for Disk /dev/mapper/control - 0 B - 0 sectors, sector size=512
Hard disk list
Disk /dev/sda - 4000 GB / 3726 GiB - CHS 486401 255 63, sector size=512 - WDC WD4003FZEX-00Z4SA0, S/N:WD-WMC5D0D3063D, FW:01.01A01
Disk /dev/sdb - 500 GB / 465 GiB - CHS 60801 255 63, sector size=512 - Samsung SSD 850 EVO 500GB, S/N:S21HNSAG136302V, FW:EMT01B6Q


TestDisk exited normally.


Thu Jan 17 13:31:50 2019
Command line: TestDisk

TestDisk 7.0, Data Recovery Utility, April 2015
Christophe GRENIER <grenier@cgsecurity.org>
http://www.cgsecurity.org
OS: Linux, kernel 4.15.0-43-generic (#46-Ubuntu SMP Thu Dec 6 14:45:28 UTC 2018) x86_64
Compiler: GCC 7.2
ext2fs lib: 1.44.1, ntfs lib: libntfs-3g, reiserfs lib: none, ewf lib: none, curses lib: ncurses 6.0
/dev/sda: LBA, HPA, LBA48 support
/dev/sda: size       7814037168 sectors
/dev/sda: user_max   7814037168 sectors
/dev/sda: native_max 7814037168 sectors
/dev/sdb: LBA, HPA, LBA48, DCO support
/dev/sdb: size       976773168 sectors
/dev/sdb: user_max   976773168 sectors
/dev/sdb: native_max 976773168 sectors
Warning: can't get size for Disk /dev/mapper/control - 0 B - 0 sectors, sector size=512
Hard disk list
Disk /dev/sda - 4000 GB / 3726 GiB - CHS 486401 255 63, sector size=512 - WDC WD4003FZEX-00Z4SA0, S/N:WD-WMC5D0D3063D, FW:01.01A01
Disk /dev/sdb - 500 GB / 465 GiB - CHS 60801 255 63, sector size=512 - Samsung SSD 850 EVO 500GB, S/N:S21HNSAG136302V, FW:EMT01B6Q


TestDisk exited normally.
